// Jest Snapshot v1, https://goo.gl/fbAQLP

exports[`Component(snapshot): Toast renders correctly with no props 1`] = `
<View
  style={
    Object {
      "backgroundColor": undefined,
      "borderRadius": 5,
      "left": 10,
      "opacity": 0,
      "position": "absolute",
      "right": 10,
      "shadowColor": "#000000",
      "shadowOpacity": 0.2,
      "shadowRadius": 10,
      "top": 0,
      "transform": Array [
        Object {
          "translateY": -80,
        },
      ],
      "zIndex": 100,
    }
  }
>
  <View
    pointerEvents="auto"
    style={
      Object {
        "alignItems": "center",
        "backgroundColor": undefined,
        "borderRadius": 5,
        "flex": undefined,
        "flexDirection": "row",
        "height": undefined,
        "justifyContent": "center",
        "margin": undefined,
        "marginBottom": undefined,
        "marginLeft": undefined,
        "marginRight": undefined,
        "marginTop": undefined,
        "padding": 12,
        "paddingBottom": undefined,
        "paddingHorizontal": undefined,
        "paddingLeft": undefined,
        "paddingRight": undefined,
        "paddingTop": undefined,
        "width": undefined,
      }
    }
  >
    <View
      pointerEvents="auto"
      style={
        Object {
          "alignItems": undefined,
          "backgroundColor": undefined,
          "borderRadius": undefined,
          "flex": undefined,
          "flexDirection": undefined,
          "height": undefined,
          "justifyContent": undefined,
          "margin": undefined,
          "marginBottom": undefined,
          "marginLeft": undefined,
          "marginRight": undefined,
          "marginTop": undefined,
          "padding": undefined,
          "paddingBottom": undefined,
          "paddingHorizontal": undefined,
          "paddingLeft": undefined,
          "paddingRight": undefined,
          "paddingTop": undefined,
          "width": undefined,
        }
      }
    >
      <Icon
        color="#FFFFFF"
        name="ios-information-circle-outline"
        size={26}
      />
    </View>
    <View
      pointerEvents="auto"
      style={
        Object {
          "alignItems": undefined,
          "backgroundColor": undefined,
          "borderRadius": undefined,
          "flex": 1,
          "flexDirection": undefined,
          "height": undefined,
          "justifyContent": undefined,
          "margin": undefined,
          "marginBottom": undefined,
          "marginLeft": 10,
          "marginRight": undefined,
          "marginTop": undefined,
          "padding": undefined,
          "paddingBottom": undefined,
          "paddingHorizontal": undefined,
          "paddingLeft": undefined,
          "paddingRight": undefined,
          "paddingTop": undefined,
          "width": undefined,
        }
      }
    >
      <Text
        style={
          Object {
            "color": "white",
            "fontSize": 16,
            "fontWeight": "bold",
          }
        }
      >
        
      </Text>
      <Text
        style={
          Object {
            "color": "white",
          }
        }
      >
        
      </Text>
    </View>
  </View>
</View>
`;
